Watching for file changes with StatReloader
Internal Server Error: /
Traceback (most recent call last):
  File "C:\Users\dithi\AppData\Local\Programs\Python\Python310\lib\site-packages\django\contrib\sessions\backends\base.py", line 244, in _get_session
    return self._session_cache
AttributeError: 'SessionStore' object has no attribute '_session_cache'

During handling of the above exception, another exception occurred:

Traceback (most recent call last):
  File "C:\Users\dithi\AppData\Local\Programs\Python\Python310\lib\site-packages\django\db\backends\utils.py", line 105, in _execute
    return self.cursor.execute(sql, params)
  File "C:\Users\dithi\AppData\Local\Programs\Python\Python310\lib\site-packages\django\db\backends\sqlite3\base.py", line 360, in execute
    return super().execute(query, params)
sqlite3.OperationalError: no such table: django_session

The above exception was the direct cause of the following exception:

Traceback (most recent call last):
  File "C:\Users\dithi\AppData\Local\Programs\Python\Python310\lib\site-packages\django\core\handlers\exception.py", line 55, in inner
    response = get_response(request)
  File "C:\Users\dithi\AppData\Local\Programs\Python\Python310\lib\site-packages\django\core\handlers\base.py", line 197, in _get_response
    response = wrapped_callback(request, *callback_args, **callback_kwargs)
  File "D:\github project final\Aegis-Engine-Cyber-Security-Scanner\myapp\views.py", line 66, in home
    return render(request, "myapp/home.html")
  File "C:\Users\dithi\AppData\Local\Programs\Python\Python310\lib\site-packages\django\shortcuts.py", line 25, in render
    content = loader.render_to_string(template_name, context, request, using=using)
  File "C:\Users\dithi\AppData\Local\Programs\Python\Python310\lib\site-packages\django\template\loader.py", line 62, in render_to_string
    return template.render(context, request)
  File "C:\Users\dithi\AppData\Local\Programs\Python\Python310\lib\site-packages\django\template\backends\django.py", line 107, in render
    return self.template.render(context)
  File "C:\Users\dithi\AppData\Local\Programs\Python\Python310\lib\site-packages\django\template\base.py", line 172, in render
    return self._render(context)
  File "C:\Users\dithi\AppData\Local\Programs\Python\Python310\lib\site-packages\django\template\base.py", line 164, in _render
    return self.nodelist.render(context)
  File "C:\Users\dithi\AppData\Local\Programs\Python\Python310\lib\site-packages\django\template\base.py", line 1018, in render
    return SafeString("".join([node.render_annotated(context) for node in self]))
  File "C:\Users\dithi\AppData\Local\Programs\Python\Python310\lib\site-packages\django\template\base.py", line 1018, in <listcomp>
    return SafeString("".join([node.render_annotated(context) for node in self]))
  File "C:\Users\dithi\AppData\Local\Programs\Python\Python310\lib\site-packages\django\template\base.py", line 979, in render_annotated
    return self.render(context)
  File "C:\Users\dithi\AppData\Local\Programs\Python\Python310\lib\site-packages\django\template\loader_tags.py", line 159, in render
    return compiled_parent._render(context)
  File "C:\Users\dithi\AppData\Local\Programs\Python\Python310\lib\site-packages\django\template\base.py", line 164, in _render
    return self.nodelist.render(context)
  File "C:\Users\dithi\AppData\Local\Programs\Python\Python310\lib\site-packages\django\template\base.py", line 1018, in render
    return SafeString("".join([node.render_annotated(context) for node in self]))
  File "C:\Users\dithi\AppData\Local\Programs\Python\Python310\lib\site-packages\django\template\base.py", line 1018, in <listcomp>
    return SafeString("".join([node.render_annotated(context) for node in self]))
  File "C:\Users\dithi\AppData\Local\Programs\Python\Python310\lib\site-packages\django\template\base.py", line 979, in render_annotated
    return self.render(context)
  File "C:\Users\dithi\AppData\Local\Programs\Python\Python310\lib\site-packages\django\template\defaulttags.py", line 320, in render
    match = condition.eval(context)
  File "C:\Users\dithi\AppData\Local\Programs\Python\Python310\lib\site-packages\django\template\defaulttags.py", line 886, in eval
    return self.value.resolve(context, ignore_failures=True)
  File "C:\Users\dithi\AppData\Local\Programs\Python\Python310\lib\site-packages\django\template\base.py", line 723, in resolve
    obj = self.var.resolve(context)
  File "C:\Users\dithi\AppData\Local\Programs\Python\Python310\lib\site-packages\django\template\base.py", line 856, in resolve
    value = self._resolve_lookup(context)
  File "C:\Users\dithi\AppData\Local\Programs\Python\Python310\lib\site-packages\django\template\base.py", line 893, in _resolve_lookup
    current = current[bit]
  File "C:\Users\dithi\AppData\Local\Programs\Python\Python310\lib\site-packages\django\utils\functional.py", line 251, in inner
    self._setup()
  File "C:\Users\dithi\AppData\Local\Programs\Python\Python310\lib\site-packages\django\utils\functional.py", line 404, in _setup
    self._wrapped = self._setupfunc()
  File "C:\Users\dithi\AppData\Local\Programs\Python\Python310\lib\site-packages\django\contrib\auth\middleware.py", line 40, in <lambda>
    request.user = SimpleLazyObject(lambda: get_user(request))
  File "C:\Users\dithi\AppData\Local\Programs\Python\Python310\lib\site-packages\django\contrib\auth\middleware.py", line 20, in get_user
    request._cached_user = auth.get_user(request)
  File "C:\Users\dithi\AppData\Local\Programs\Python\Python310\lib\site-packages\django\contrib\auth\__init__.py", line 304, in get_user
    user_id = _get_user_session_key(request)
  File "C:\Users\dithi\AppData\Local\Programs\Python\Python310\lib\site-packages\django\contrib\auth\__init__.py", line 95, in _get_user_session_key
    return get_user_model()._meta.pk.to_python(request.session[SESSION_KEY])
  File "C:\Users\dithi\AppData\Local\Programs\Python\Python310\lib\site-packages\django\contrib\sessions\backends\base.py", line 55, in __getitem__
    return self._session[key]
  File "C:\Users\dithi\AppData\Local\Programs\Python\Python310\lib\site-packages\django\contrib\sessions\backends\base.py", line 249, in _get_session
    self._session_cache = self.load()
  File "C:\Users\dithi\AppData\Local\Programs\Python\Python310\lib\site-packages\django\contrib\sessions\backends\db.py", line 55, in load
    s = self._get_session_from_db()
  File "C:\Users\dithi\AppData\Local\Programs\Python\Python310\lib\site-packages\django\contrib\sessions\backends\db.py", line 34, in _get_session_from_db
    return self.model.objects.get(
  File "C:\Users\dithi\AppData\Local\Programs\Python\Python310\lib\site-packages\django\db\models\manager.py", line 87, in manager_method
    return getattr(self.get_queryset(), name)(*args, **kwargs)
  File "C:\Users\dithi\AppData\Local\Programs\Python\Python310\lib\site-packages\django\db\models\query.py", line 631, in get
    num = len(clone)
  File "C:\Users\dithi\AppData\Local\Programs\Python\Python310\lib\site-packages\django\db\models\query.py", line 368, in __len__
    self._fetch_all()
  File "C:\Users\dithi\AppData\Local\Programs\Python\Python310\lib\site-packages\django\db\models\query.py", line 1954, in _fetch_all
    self._result_cache = list(self._iterable_class(self))
  File "C:\Users\dithi\AppData\Local\Programs\Python\Python310\lib\site-packages\django\db\models\query.py", line 93, in __iter__
    results = compiler.execute_sql(
  File "C:\Users\dithi\AppData\Local\Programs\Python\Python310\lib\site-packages\django\db\models\sql\compiler.py", line 1623, in execute_sql
    cursor.execute(sql, params)
  File "C:\Users\dithi\AppData\Local\Programs\Python\Python310\lib\site-packages\django\db\backends\utils.py", line 122, in execute
    return super().execute(sql, params)
  File "C:\Users\dithi\AppData\Local\Programs\Python\Python310\lib\site-packages\django\db\backends\utils.py", line 79, in execute
    return self._execute_with_wrappers(
  File "C:\Users\dithi\AppData\Local\Programs\Python\Python310\lib\site-packages\django\db\backends\utils.py", line 92, in _execute_with_wrappers
    return executor(sql, params, many, context)
  File "C:\Users\dithi\AppData\Local\Programs\Python\Python310\lib\site-packages\django\db\backends\utils.py", line 100, in _execute
    with self.db.wrap_database_errors:
  File "C:\Users\dithi\AppData\Local\Programs\Python\Python310\lib\site-packages\django\db\utils.py", line 91, in __exit__
    raise dj_exc_value.with_traceback(traceback) from exc_value
  File "C:\Users\dithi\AppData\Local\Programs\Python\Python310\lib\site-packages\django\db\backends\utils.py", line 105, in _execute
    return self.cursor.execute(sql, params)
  File "C:\Users\dithi\AppData\Local\Programs\Python\Python310\lib\site-packages\django\db\backends\sqlite3\base.py", line 360, in execute
    return super().execute(query, params)
django.db.utils.OperationalError: no such table: django_session
Watching for file changes with StatReloader
Not Found: /favicon.ico
Internal Server Error: /dashboard/
Traceback (most recent call last):
  File "C:\Users\dithi\AppData\Local\Programs\Python\Python310\lib\site-packages\django\core\handlers\exception.py", line 55, in inner
    response = get_response(request)
  File "C:\Users\dithi\AppData\Local\Programs\Python\Python310\lib\site-packages\django\core\handlers\base.py", line 197, in _get_response
    response = wrapped_callback(request, *callback_args, **callback_kwargs)
  File "C:\Users\dithi\AppData\Local\Programs\Python\Python310\lib\site-packages\django\contrib\auth\decorators.py", line 59, in _view_wrapper
    return view_func(request, *args, **kwargs)
  File "D:\github project final\Aegis-Engine-Cyber-Security-Scanner\myapp\views.py", line 193, in dashboard
    scans = scans.filter(risk_level=severity_filter)
  File "C:\Users\dithi\AppData\Local\Programs\Python\Python310\lib\site-packages\django\db\models\query.py", line 1495, in filter
    return self._filter_or_exclude(False, args, kwargs)
  File "C:\Users\dithi\AppData\Local\Programs\Python\Python310\lib\site-packages\django\db\models\query.py", line 1507, in _filter_or_exclude
    raise TypeError("Cannot filter a query once a slice has been taken.")
TypeError: Cannot filter a query once a slice has been taken.
Internal Server Error: /dashboard/
Traceback (most recent call last):
  File "C:\Users\dithi\AppData\Local\Programs\Python\Python310\lib\site-packages\django\core\handlers\exception.py", line 55, in inner
    response = get_response(request)
  File "C:\Users\dithi\AppData\Local\Programs\Python\Python310\lib\site-packages\django\core\handlers\base.py", line 197, in _get_response
    response = wrapped_callback(request, *callback_args, **callback_kwargs)
  File "C:\Users\dithi\AppData\Local\Programs\Python\Python310\lib\site-packages\django\contrib\auth\decorators.py", line 59, in _view_wrapper
    return view_func(request, *args, **kwargs)
  File "D:\github project final\Aegis-Engine-Cyber-Security-Scanner\myapp\views.py", line 193, in dashboard
    scans = scans.filter(risk_level=severity_filter)
  File "C:\Users\dithi\AppData\Local\Programs\Python\Python310\lib\site-packages\django\db\models\query.py", line 1495, in filter
    return self._filter_or_exclude(False, args, kwargs)
  File "C:\Users\dithi\AppData\Local\Programs\Python\Python310\lib\site-packages\django\db\models\query.py", line 1507, in _filter_or_exclude
    raise TypeError("Cannot filter a query once a slice has been taken.")
TypeError: Cannot filter a query once a slice has been taken.
Internal Server Error: /launcher/
Traceback (most recent call last):
  File "C:\Users\dithi\AppData\Local\Programs\Python\Python310\lib\site-packages\django\core\handlers\exception.py", line 55, in inner
    response = get_response(request)
  File "C:\Users\dithi\AppData\Local\Programs\Python\Python310\lib\site-packages\django\core\handlers\base.py", line 197, in _get_response
    response = wrapped_callback(request, *callback_args, **callback_kwargs)
  File "C:\Users\dithi\AppData\Local\Programs\Python\Python310\lib\site-packages\django\contrib\auth\decorators.py", line 59, in _view_wrapper
    return view_func(request, *args, **kwargs)
  File "D:\github project final\Aegis-Engine-Cyber-Security-Scanner\myapp\views.py", line 222, in launcher
    return render(request, "myapp/launcher.html", {"modules": modules})
  File "C:\Users\dithi\AppData\Local\Programs\Python\Python310\lib\site-packages\django\shortcuts.py", line 25, in render
    content = loader.render_to_string(template_name, context, request, using=using)
  File "C:\Users\dithi\AppData\Local\Programs\Python\Python310\lib\site-packages\django\template\loader.py", line 62, in render_to_string
    return template.render(context, request)
  File "C:\Users\dithi\AppData\Local\Programs\Python\Python310\lib\site-packages\django\template\backends\django.py", line 107, in render
    return self.template.render(context)
  File "C:\Users\dithi\AppData\Local\Programs\Python\Python310\lib\site-packages\django\template\base.py", line 172, in render
    return self._render(context)
  File "C:\Users\dithi\AppData\Local\Programs\Python\Python310\lib\site-packages\django\template\base.py", line 164, in _render
    return self.nodelist.render(context)
  File "C:\Users\dithi\AppData\Local\Programs\Python\Python310\lib\site-packages\django\template\base.py", line 1018, in render
    return SafeString("".join([node.render_annotated(context) for node in self]))
  File "C:\Users\dithi\AppData\Local\Programs\Python\Python310\lib\site-packages\django\template\base.py", line 1018, in <listcomp>
    return SafeString("".join([node.render_annotated(context) for node in self]))
  File "C:\Users\dithi\AppData\Local\Programs\Python\Python310\lib\site-packages\django\template\base.py", line 979, in render_annotated
    return self.render(context)
  File "C:\Users\dithi\AppData\Local\Programs\Python\Python310\lib\site-packages\django\template\loader_tags.py", line 159, in render
    return compiled_parent._render(context)
  File "C:\Users\dithi\AppData\Local\Programs\Python\Python310\lib\site-packages\django\template\base.py", line 164, in _render
    return self.nodelist.render(context)
  File "C:\Users\dithi\AppData\Local\Programs\Python\Python310\lib\site-packages\django\template\base.py", line 1018, in render
    return SafeString("".join([node.render_annotated(context) for node in self]))
  File "C:\Users\dithi\AppData\Local\Programs\Python\Python310\lib\site-packages\django\template\base.py", line 1018, in <listcomp>
    return SafeString("".join([node.render_annotated(context) for node in self]))
  File "C:\Users\dithi\AppData\Local\Programs\Python\Python310\lib\site-packages\django\template\base.py", line 979, in render_annotated
    return self.render(context)
  File "C:\Users\dithi\AppData\Local\Programs\Python\Python310\lib\site-packages\django\template\loader_tags.py", line 65, in render
    result = block.nodelist.render(context)
  File "C:\Users\dithi\AppData\Local\Programs\Python\Python310\lib\site-packages\django\template\base.py", line 1018, in render
    return SafeString("".join([node.render_annotated(context) for node in self]))
  File "C:\Users\dithi\AppData\Local\Programs\Python\Python310\lib\site-packages\django\template\base.py", line 1018, in <listcomp>
    return SafeString("".join([node.render_annotated(context) for node in self]))
  File "C:\Users\dithi\AppData\Local\Programs\Python\Python310\lib\site-packages\django\template\base.py", line 979, in render_annotated
    return self.render(context)
  File "C:\Users\dithi\AppData\Local\Programs\Python\Python310\lib\site-packages\django\template\defaulttags.py", line 480, in render
    url = reverse(view_name, args=args, kwargs=kwargs, current_app=current_app)
  File "C:\Users\dithi\AppData\Local\Programs\Python\Python310\lib\site-packages\django\urls\base.py", line 98, in reverse
    resolved_url = resolver._reverse_with_prefix(view, prefix, *args, **kwargs)
  File "C:\Users\dithi\AppData\Local\Programs\Python\Python310\lib\site-packages\django\urls\resolvers.py", line 831, in _reverse_with_prefix
    raise NoReverseMatch(msg)
django.urls.exceptions.NoReverseMatch: Reverse for 'system_features' not found. 'system_features' is not a valid view function or pattern name.
Internal Server Error: /dashboard/
Traceback (most recent call last):
  File "C:\Users\dithi\AppData\Local\Programs\Python\Python310\lib\site-packages\django\core\handlers\exception.py", line 55, in inner
    response = get_response(request)
  File "C:\Users\dithi\AppData\Local\Programs\Python\Python310\lib\site-packages\django\core\handlers\base.py", line 197, in _get_response
    response = wrapped_callback(request, *callback_args, **callback_kwargs)
  File "C:\Users\dithi\AppData\Local\Programs\Python\Python310\lib\site-packages\django\contrib\auth\decorators.py", line 59, in _view_wrapper
    return view_func(request, *args, **kwargs)
  File "D:\github project final\Aegis-Engine-Cyber-Security-Scanner\myapp\views.py", line 193, in dashboard
    scans = scans.filter(risk_level=severity_filter)
  File "C:\Users\dithi\AppData\Local\Programs\Python\Python310\lib\site-packages\django\db\models\query.py", line 1495, in filter
    return self._filter_or_exclude(False, args, kwargs)
  File "C:\Users\dithi\AppData\Local\Programs\Python\Python310\lib\site-packages\django\db\models\query.py", line 1507, in _filter_or_exclude
    raise TypeError("Cannot filter a query once a slice has been taken.")
TypeError: Cannot filter a query once a slice has been taken.
Internal Server Error: /launcher/
Traceback (most recent call last):
  File "C:\Users\dithi\AppData\Local\Programs\Python\Python310\lib\site-packages\django\core\handlers\exception.py", line 55, in inner
    response = get_response(request)
  File "C:\Users\dithi\AppData\Local\Programs\Python\Python310\lib\site-packages\django\core\handlers\base.py", line 197, in _get_response
    response = wrapped_callback(request, *callback_args, **callback_kwargs)
  File "C:\Users\dithi\AppData\Local\Programs\Python\Python310\lib\site-packages\django\contrib\auth\decorators.py", line 59, in _view_wrapper
    return view_func(request, *args, **kwargs)
  File "D:\github project final\Aegis-Engine-Cyber-Security-Scanner\myapp\views.py", line 222, in launcher
    return render(request, "myapp/launcher.html", {"modules": modules})
  File "C:\Users\dithi\AppData\Local\Programs\Python\Python310\lib\site-packages\django\shortcuts.py", line 25, in render
    content = loader.render_to_string(template_name, context, request, using=using)
  File "C:\Users\dithi\AppData\Local\Programs\Python\Python310\lib\site-packages\django\template\loader.py", line 62, in render_to_string
    return template.render(context, request)
  File "C:\Users\dithi\AppData\Local\Programs\Python\Python310\lib\site-packages\django\template\backends\django.py", line 107, in render
    return self.template.render(context)
  File "C:\Users\dithi\AppData\Local\Programs\Python\Python310\lib\site-packages\django\template\base.py", line 172, in render
    return self._render(context)
  File "C:\Users\dithi\AppData\Local\Programs\Python\Python310\lib\site-packages\django\template\base.py", line 164, in _render
    return self.nodelist.render(context)
  File "C:\Users\dithi\AppData\Local\Programs\Python\Python310\lib\site-packages\django\template\base.py", line 1018, in render
    return SafeString("".join([node.render_annotated(context) for node in self]))
  File "C:\Users\dithi\AppData\Local\Programs\Python\Python310\lib\site-packages\django\template\base.py", line 1018, in <listcomp>
    return SafeString("".join([node.render_annotated(context) for node in self]))
  File "C:\Users\dithi\AppData\Local\Programs\Python\Python310\lib\site-packages\django\template\base.py", line 979, in render_annotated
    return self.render(context)
  File "C:\Users\dithi\AppData\Local\Programs\Python\Python310\lib\site-packages\django\template\loader_tags.py", line 159, in render
    return compiled_parent._render(context)
  File "C:\Users\dithi\AppData\Local\Programs\Python\Python310\lib\site-packages\django\template\base.py", line 164, in _render
    return self.nodelist.render(context)
  File "C:\Users\dithi\AppData\Local\Programs\Python\Python310\lib\site-packages\django\template\base.py", line 1018, in render
    return SafeString("".join([node.render_annotated(context) for node in self]))
  File "C:\Users\dithi\AppData\Local\Programs\Python\Python310\lib\site-packages\django\template\base.py", line 1018, in <listcomp>
    return SafeString("".join([node.render_annotated(context) for node in self]))
  File "C:\Users\dithi\AppData\Local\Programs\Python\Python310\lib\site-packages\django\template\base.py", line 979, in render_annotated
    return self.render(context)
  File "C:\Users\dithi\AppData\Local\Programs\Python\Python310\lib\site-packages\django\template\loader_tags.py", line 65, in render
    result = block.nodelist.render(context)
  File "C:\Users\dithi\AppData\Local\Programs\Python\Python310\lib\site-packages\django\template\base.py", line 1018, in render
    return SafeString("".join([node.render_annotated(context) for node in self]))
  File "C:\Users\dithi\AppData\Local\Programs\Python\Python310\lib\site-packages\django\template\base.py", line 1018, in <listcomp>
    return SafeString("".join([node.render_annotated(context) for node in self]))
  File "C:\Users\dithi\AppData\Local\Programs\Python\Python310\lib\site-packages\django\template\base.py", line 979, in render_annotated
    return self.render(context)
  File "C:\Users\dithi\AppData\Local\Programs\Python\Python310\lib\site-packages\django\template\defaulttags.py", line 480, in render
    url = reverse(view_name, args=args, kwargs=kwargs, current_app=current_app)
  File "C:\Users\dithi\AppData\Local\Programs\Python\Python310\lib\site-packages\django\urls\base.py", line 98, in reverse
    resolved_url = resolver._reverse_with_prefix(view, prefix, *args, **kwargs)
  File "C:\Users\dithi\AppData\Local\Programs\Python\Python310\lib\site-packages\django\urls\resolvers.py", line 831, in _reverse_with_prefix
    raise NoReverseMatch(msg)
django.urls.exceptions.NoReverseMatch: Reverse for 'system_features' not found. 'system_features' is not a valid view function or pattern name.
Watching for file changes with StatReloader
Watching for file changes with StatReloader
Watching for file changes with StatReloader
Not Found: /favicon.ico
Not Found: /favicon.ico
Internal Server Error: /launcher/
Traceback (most recent call last):
  File "C:\Users\dithi\AppData\Local\Programs\Python\Python310\lib\site-packages\django\core\handlers\exception.py", line 55, in inner
    response = get_response(request)
  File "C:\Users\dithi\AppData\Local\Programs\Python\Python310\lib\site-packages\django\core\handlers\base.py", line 197, in _get_response
    response = wrapped_callback(request, *callback_args, **callback_kwargs)
  File "C:\Users\dithi\AppData\Local\Programs\Python\Python310\lib\site-packages\django\contrib\auth\decorators.py", line 59, in _view_wrapper
    return view_func(request, *args, **kwargs)
  File "D:\github project final\Aegis-Engine-Cyber-Security-Scanner\myapp\views.py", line 222, in launcher
    return render(request, "myapp/launcher.html", {"modules": modules})
  File "C:\Users\dithi\AppData\Local\Programs\Python\Python310\lib\site-packages\django\shortcuts.py", line 25, in render
    content = loader.render_to_string(template_name, context, request, using=using)
  File "C:\Users\dithi\AppData\Local\Programs\Python\Python310\lib\site-packages\django\template\loader.py", line 62, in render_to_string
    return template.render(context, request)
  File "C:\Users\dithi\AppData\Local\Programs\Python\Python310\lib\site-packages\django\template\backends\django.py", line 107, in render
    return self.template.render(context)
  File "C:\Users\dithi\AppData\Local\Programs\Python\Python310\lib\site-packages\django\template\base.py", line 172, in render
    return self._render(context)
  File "C:\Users\dithi\AppData\Local\Programs\Python\Python310\lib\site-packages\django\template\base.py", line 164, in _render
    return self.nodelist.render(context)
  File "C:\Users\dithi\AppData\Local\Programs\Python\Python310\lib\site-packages\django\template\base.py", line 1018, in render
    return SafeString("".join([node.render_annotated(context) for node in self]))
  File "C:\Users\dithi\AppData\Local\Programs\Python\Python310\lib\site-packages\django\template\base.py", line 1018, in <listcomp>
    return SafeString("".join([node.render_annotated(context) for node in self]))
  File "C:\Users\dithi\AppData\Local\Programs\Python\Python310\lib\site-packages\django\template\base.py", line 979, in render_annotated
    return self.render(context)
  File "C:\Users\dithi\AppData\Local\Programs\Python\Python310\lib\site-packages\django\template\loader_tags.py", line 159, in render
    return compiled_parent._render(context)
  File "C:\Users\dithi\AppData\Local\Programs\Python\Python310\lib\site-packages\django\template\base.py", line 164, in _render
    return self.nodelist.render(context)
  File "C:\Users\dithi\AppData\Local\Programs\Python\Python310\lib\site-packages\django\template\base.py", line 1018, in render
    return SafeString("".join([node.render_annotated(context) for node in self]))
  File "C:\Users\dithi\AppData\Local\Programs\Python\Python310\lib\site-packages\django\template\base.py", line 1018, in <listcomp>
    return SafeString("".join([node.render_annotated(context) for node in self]))
  File "C:\Users\dithi\AppData\Local\Programs\Python\Python310\lib\site-packages\django\template\base.py", line 979, in render_annotated
    return self.render(context)
  File "C:\Users\dithi\AppData\Local\Programs\Python\Python310\lib\site-packages\django\template\loader_tags.py", line 65, in render
    result = block.nodelist.render(context)
  File "C:\Users\dithi\AppData\Local\Programs\Python\Python310\lib\site-packages\django\template\base.py", line 1018, in render
    return SafeString("".join([node.render_annotated(context) for node in self]))
  File "C:\Users\dithi\AppData\Local\Programs\Python\Python310\lib\site-packages\django\template\base.py", line 1018, in <listcomp>
    return SafeString("".join([node.render_annotated(context) for node in self]))
  File "C:\Users\dithi\AppData\Local\Programs\Python\Python310\lib\site-packages\django\template\base.py", line 979, in render_annotated
    return self.render(context)
  File "C:\Users\dithi\AppData\Local\Programs\Python\Python310\lib\site-packages\django\template\defaulttags.py", line 480, in render
    url = reverse(view_name, args=args, kwargs=kwargs, current_app=current_app)
  File "C:\Users\dithi\AppData\Local\Programs\Python\Python310\lib\site-packages\django\urls\base.py", line 98, in reverse
    resolved_url = resolver._reverse_with_prefix(view, prefix, *args, **kwargs)
  File "C:\Users\dithi\AppData\Local\Programs\Python\Python310\lib\site-packages\django\urls\resolvers.py", line 831, in _reverse_with_prefix
    raise NoReverseMatch(msg)
django.urls.exceptions.NoReverseMatch: Reverse for 'system_features' not found. 'system_features' is not a valid view function or pattern name.
Not Found: /admin_dashboard/
Not Found: /threat_detection/
Watching for file changes with StatReloader
Not Found: /favicon.ico
Watching for file changes with StatReloader
Watching for file changes with StatReloader
Watching for file changes with StatReloader
Watching for file changes with StatReloader
Watching for file changes with StatReloader
Not Found: /favicon.ico
